// Jest Snapshot v1, https://goo.gl/fbAQLP

exports[`UserHeader Component must be created 1`] = `
<Bootstrap(Row)
  className="d-flex align-items-center justify-content-end mt-1 ml-auto"
>
  <Col
    as="div"
    className="d-flex align-items-center"
    sm="auto"
  >
    <div
      className="mr-1"
    >
      User: 
      Admin
    </div>
    <Button
      active={false}
      className="mr-1"
      disabled={false}
      onClick={[Function]}
      type="button"
      variant="light"
    >
      <Link
        to="/user/profile"
      >
        Profile
      </Link>
    </Button>
    <Button
      active={false}
      className="mr-1"
      disabled={false}
      onClick={[Function]}
      type="button"
      variant="light"
    >
      <Link
        to="/user/history"
      >
        History
      </Link>
    </Button>
    <Button
      active={false}
      className="mr-1"
      disabled={false}
      onClick={[Function]}
      type="button"
      variant="light"
    >
      Logout
    </Button>
  </Col>
</Bootstrap(Row)>
`;
