// Jest Snapshot v1, https://goo.gl/fbAQLP

exports[`AddingUser --- Snapshot Component must be rendered 1`] = `
<Bootstrap(Modal)
  centered={true}
  onHide={[Function]}
  show={true}
>
  <ModalHeader
    closeButton={true}
    closeLabel="Close"
  >
    <ModalTitle>
      Adding User
    </ModalTitle>
  </ModalHeader>
  <ModalBody>
    <Form
      as="form"
      inline={false}
    >
      <FormGroup
        as="div"
      >
        <FormLabel
          column={false}
          srOnly={false}
        >
          UserName
        </FormLabel>
        <FormControl
          as="input"
          onChange={[Function]}
          type="text"
          value=""
        />
      </FormGroup>
      <FormGroup
        as="div"
      >
        <FormLabel
          column={false}
          srOnly={false}
        >
          Email
        </FormLabel>
        <FormControl
          as="input"
          onChange={[Function]}
          type="text"
          value=""
        />
      </FormGroup>
      <FormGroup
        as="div"
      >
        <FormLabel
          column={false}
          srOnly={false}
        >
          Password
        </FormLabel>
        <FormControl
          as="input"
          onChange={[Function]}
          type="text"
          value=""
        />
      </FormGroup>
      <FormGroup
        as="div"
      >
        <FormLabel
          column={false}
          srOnly={false}
        >
          Repeat Password
        </FormLabel>
        <FormControl
          as="input"
          onChange={[Function]}
          type="text"
        />
      </FormGroup>
      <FormGroup
        as="div"
      >
        <FormLabel
          column={false}
          srOnly={false}
        >
          Role
        </FormLabel>
        <FormControl
          as="input"
          onChange={[Function]}
          type="text"
        />
      </FormGroup>
    </Form>
  </ModalBody>
  <ModalFooter>
    <Button
      active={false}
      disabled={false}
      onClick={[Function]}
      type="button"
      variant="light"
    >
      Clear
    </Button>
    <Button
      active={false}
      disabled={false}
      onClick={[Function]}
      type="button"
      variant="primary"
    >
      Save changes
    </Button>
    <Overlay
      placement="right"
      rootClose={false}
      show={false}
      target={null}
      transition={[Function]}
    >
      <Component />
    </Overlay>
  </ModalFooter>
</Bootstrap(Modal)>
`;
