// Jest Snapshot v1, https://goo.gl/fbAQLP

exports[`UserHistory --- Snapshot Component should be rendered 1`] = `
<Container
  as="div"
  fluid={false}
>
  <h3>
    Order History:
  </h3>
  <Order
    key="5"
    obj={
      Object {
        "contents": "[{\\"idgoods\\":1,\\"name\\":\\"Honda civic\\",\\"description\\":\\"Lorem ipsum dolor sit amet consectetur adipisicing elit. Blanditiis provident quo quaerat repellat fuga debitis nemo voluptates quis voluptate, dolorem modi non? Nisi, maxime a.\\",\\"catalogue_id_catalogue\\":4,\\"price\\":2000},{\\"idgoods\\":7,\\"name\\":\\"Opel Omega\\",\\"description\\":\\"Lorem ipsum dolor sit amet consectetur adipisicing elit. Blanditiis provident quo quaerat repellat fuga debitis nemo voluptates quis voluptate, dolorem modi non? Nisi, maxime a.\\",\\"catalogue_id_catalogue\\":4,\\"price\\":31225}]",
        "createdAt": "2019-04-22T10:29:35.000Z",
        "id": 5,
        "updatedAt": "2019-04-22T10:29:35.000Z",
        "user_id": 1,
      }
    }
  />
  <Order
    key="6"
    obj={
      Object {
        "contents": "[{\\"idgoods\\":1,\\"name\\":\\"Honda civic\\",\\"description\\":\\"Lorem ipsum dolor sit amet consectetur adipisicing elit. Blanditiis provident quo quaerat repellat fuga debitis nemo voluptates quis voluptate, dolorem modi non? Nisi, maxime a.\\",\\"catalogue_id_catalogue\\":4,\\"price\\":2000},{\\"idgoods\\":7,\\"name\\":\\"Opel Omega\\",\\"description\\":\\"Lorem ipsum dolor sit amet consectetur adipisicing elit. Blanditiis provident quo quaerat repellat fuga debitis nemo voluptates quis voluptate, dolorem modi non? Nisi, maxime a.\\",\\"catalogue_id_catalogue\\":4,\\"price\\":31225}]",
        "createdAt": "2019-04-22T10:33:55.000Z",
        "id": 6,
        "updatedAt": "2019-04-22T10:33:55.000Z",
        "user_id": 1,
      }
    }
  />
  <Order
    key="7"
    obj={
      Object {
        "contents": "[{\\"idgoods\\":1,\\"name\\":\\"Honda civic\\",\\"description\\":\\"Lorem ipsum dolor sit amet consectetur adipisicing elit. Blanditiis provident quo quaerat repellat fuga debitis nemo voluptates quis voluptate, dolorem modi non? Nisi, maxime a.\\",\\"catalogue_id_catalogue\\":4,\\"price\\":2000},{\\"idgoods\\":7,\\"name\\":\\"Opel Omega\\",\\"description\\":\\"Lorem ipsum dolor sit amet consectetur adipisicing elit. Blanditiis provident quo quaerat repellat fuga debitis nemo voluptates quis voluptate, dolorem modi non? Nisi, maxime a.\\",\\"catalogue_id_catalogue\\":4,\\"price\\":31225}]",
        "createdAt": "2019-04-22T10:34:07.000Z",
        "id": 7,
        "updatedAt": "2019-04-22T10:34:07.000Z",
        "user_id": 1,
      }
    }
  />
</Container>
`;
