// Jest Snapshot v1, https://goo.gl/fbAQLP

exports[`AddingGood --- Snapshot component should be rendered 1`] = `
<Bootstrap(Modal)
  centered={true}
  onHide={[Function]}
  show={true}
>
  <ModalHeader
    closeButton={true}
    closeLabel="Close"
  >
    <ModalTitle>
      Adding Goods
    </ModalTitle>
  </ModalHeader>
  <ModalBody>
    <Form
      as="form"
      inline={false}
    >
      <FormGroup
        as="div"
      >
        <FormLabel
          column={false}
          srOnly={false}
        >
          Name
        </FormLabel>
        <FormControl
          as="input"
          onChange={[Function]}
          type="text"
          value=""
        />
      </FormGroup>
      <FormGroup
        as="div"
      >
        <FormLabel
          column={false}
          srOnly={false}
        >
          Description
        </FormLabel>
        <FormControl
          as="textarea"
          onChange={[Function]}
          type="text"
          value=""
        />
      </FormGroup>
      <FormGroup
        as="div"
      >
        <FormLabel
          column={false}
          srOnly={false}
        >
          Price
        </FormLabel>
        <FormControl
          as="input"
          onChange={[Function]}
          type="text"
          value={0}
        />
      </FormGroup>
      <FormGroup
        as="div"
      >
        <FormLabel
          column={false}
          srOnly={false}
        >
          Group
        </FormLabel>
        <FormControl
          as="select"
          defaultValue="Open this select menu"
          onChange={[Function]}
        >
          <option
            disabled={true}
          >
            Open this select menu
          </option>
        </FormControl>
      </FormGroup>
    </Form>
  </ModalBody>
  <ModalFooter>
    <Button
      active={false}
      disabled={false}
      onClick={[Function]}
      type="button"
      variant="light"
    >
      Clear
    </Button>
    <Button
      active={false}
      disabled={false}
      onClick={[Function]}
      type="button"
      variant="primary"
    >
      Save changes
    </Button>
    <Overlay
      placement="right"
      rootClose={false}
      show={false}
      target={null}
      transition={[Function]}
    >
      <Component />
    </Overlay>
  </ModalFooter>
</Bootstrap(Modal)>
`;
