// Jest Snapshot v1, https://goo.gl/fbAQLP

exports[`Link must be 1`] = `
<a
  href="#"
>
  Go Workw
</a>
`;
