// Jest Snapshot v1, https://goo.gl/fbAQLP

exports[`ReggistrForm Component must be created 1`] = `
<Bootstrap(Modal)
  autoFocus={true}
  centered={true}
  onEntering={[Function]}
  onHide={[Function]}
  show={true}
  size="sm"
>
  <ModalHeader
    closeButton={true}
    closeLabel="Close"
  >
    <h4>
      Registration
    </h4>
  </ModalHeader>
  <ModalBody>
    <Form
      as="form"
      inline={false}
    >
      <FormRow>
        <FormGroup
          as={
            Object {
              "$$typeof": Symbol(react.forward_ref),
              "defaultProps": Object {
                "as": "div",
              },
              "displayName": "Col",
              "render": [Function],
            }
          }
          className=""
          controlId="formGridEmail"
        >
          <FormControl
            as="input"
            isInvalid={false}
            isValid={false}
            name="email"
            onChange={[Function]}
            placeholder="Enter email"
            size="sm"
            type="email"
          />
          <Feedback
            as="div"
            type="valid"
          />
          <Feedback
            as="div"
            type="invalid"
          />
        </FormGroup>
      </FormRow>
      <FormRow>
        <FormGroup
          as={
            Object {
              "$$typeof": Symbol(react.forward_ref),
              "defaultProps": Object {
                "as": "div",
              },
              "displayName": "Col",
              "render": [Function],
            }
          }
          className=""
          controlId="formGridPassword"
        >
          <FormControl
            as="input"
            isInvalid={false}
            isValid={false}
            name="password1"
            onChange={[Function]}
            placeholder="Password"
            size="sm"
            type="password"
          />
          <Feedback
            as="div"
            type="valid"
          />
          <Feedback
            as="div"
            type="invalid"
          />
        </FormGroup>
      </FormRow>
      <FormRow>
        <FormGroup
          as={
            Object {
              "$$typeof": Symbol(react.forward_ref),
              "defaultProps": Object {
                "as": "div",
              },
              "displayName": "Col",
              "render": [Function],
            }
          }
          className=""
          controlId="formGridRepeatPassword"
        >
          <FormControl
            as="input"
            isInvalid={false}
            isValid={false}
            name="password2"
            onChange={[Function]}
            placeholder="Repeat password"
            size="sm"
            type="password"
          />
        </FormGroup>
      </FormRow>
    </Form>
  </ModalBody>
  <ModalFooter>
    <Col
      as="div"
      className="col-12 d-flex justify-content-end align-items-end"
    >
      <Button
        active={false}
        className=""
        disabled={false}
        onClick={[Function]}
        size="sm"
        type="button"
        variant="light"
      >
        Close
      </Button>
      <Button
        active={false}
        className="ml-3"
        disabled={false}
        id="buttonToSendRegistration"
        onClick={[Function]}
        size="sm"
        type="button"
        variant="secondary"
      >
        Registration
      </Button>
    </Col>
    <Overlay
      placement="right"
      rootClose={false}
      show={false}
      target={null}
      transition={[Function]}
    >
      <Component />
    </Overlay>
  </ModalFooter>
</Bootstrap(Modal)>
`;
