// Jest Snapshot v1, https://goo.gl/fbAQLP

exports[`DeletingForm --- Snapshot Component must be rendered 1`] = `
<Bootstrap(Modal)
  onHide={[Function]}
  show={true}
>
  <ModalHeader
    closeButton={true}
    closeLabel="Close"
  >
    Delete this object?
  </ModalHeader>
  <ModalBody>
    <Button
      active={false}
      disabled={false}
      onClick={[Function]}
      type="button"
      variant="primary"
    >
      Delete
    </Button>
    <Button
      active={false}
      disabled={false}
      onClick={[Function]}
      type="button"
      variant="light"
    >
      Cancel
    </Button>
  </ModalBody>
</Bootstrap(Modal)>
`;
