// Jest Snapshot v1, https://goo.gl/fbAQLP

exports[`DeleteForm --- Snapshot Component must be rendered 1`] = `
<Bootstrap(Modal)
  onHide={[Function]}
  show={true}
>
  <ModalHeader
    closeButton={false}
    closeLabel="Close"
  >
    <ModalTitle>
      Delete this object?
    </ModalTitle>
  </ModalHeader>
  <ModalBody
    className="d-flex justify-content-end"
  >
    <Button
      active={false}
      disabled={false}
      onClick={[Function]}
      type="button"
      variant="primary"
    >
      Delete
    </Button>
    <Button
      active={false}
      className="ml-3"
      disabled={false}
      onClick={[Function]}
      type="button"
      variant="light"
    >
      Cancel
    </Button>
  </ModalBody>
</Bootstrap(Modal)>
`;
