// Jest Snapshot v1, https://goo.gl/fbAQLP

exports[`EditGoodsItem --- Snapshot Component must be rendered 1`] = `
<Bootstrap(Modal)
  onHide={[Function]}
  show={true}
>
  <ModalHeader
    closeButton={true}
    closeLabel="Close"
  >
    <h2>
      EditGoodsItem
    </h2>
  </ModalHeader>
  <ModalBody>
    <Form
      as="form"
      inline={false}
    >
      <FormGroup
        as="div"
      >
        <FormLabel
          column={false}
          srOnly={false}
        >
          Name
        </FormLabel>
        <FormControl
          as="input"
          defaultValue={null}
          type="text"
        />
      </FormGroup>
      <FormGroup
        as="div"
      >
        <FormLabel
          column={false}
          srOnly={false}
        >
          Description
        </FormLabel>
        <FormControl
          as="textarea"
          defaultValue={null}
          type="text"
        />
      </FormGroup>
      <FormGroup
        as="div"
      >
        <FormLabel
          column={false}
          srOnly={false}
        >
          Price
        </FormLabel>
        <FormControl
          as="input"
          defaultValue={0}
          isInvalid={false}
          onChange={[Function]}
          type="text"
        />
      </FormGroup>
      <FormGroup
        as="div"
      >
        <FormLabel
          column={false}
          srOnly={false}
        >
          Group
        </FormLabel>
        <FormControl
          as="select"
          defaultValue={null}
        >
          <option
            disabled={true}
          >
            Open this select menu
          </option>
        </FormControl>
      </FormGroup>
    </Form>
  </ModalBody>
  <ModalFooter>
    <Button
      active={false}
      disabled={false}
      onClick={[Function]}
      type="button"
      variant="secondary"
    >
      Default
    </Button>
    <Button
      active={false}
      className="ml-auto"
      disabled={false}
      onClick={[Function]}
      type="button"
      variant="light"
    >
      Cancel
    </Button>
    <Button
      active={false}
      disabled={false}
      onClick={[Function]}
      type="button"
      variant="primary"
    >
      Save
    </Button>
    <Overlay
      placement="right"
      rootClose={false}
      show={false}
      target={null}
      transition={[Function]}
    >
      <Component />
    </Overlay>
  </ModalFooter>
</Bootstrap(Modal)>
`;
