// Jest Snapshot v1, https://goo.gl/fbAQLP

exports[`GoodsItem --- Snapshot Component must be rendered 1`] = `
<Card
  as="div"
  body={false}
  className="mb-3"
>
  <CardHeader>
    <Bootstrap(Row)>
      <Col
        as="div"
      >
        <CardTitle>
          Goods
        </CardTitle>
        <CardText>
          1000 $
        </CardText>
      </Col>
      <Button
        active={false}
        disabled={false}
        onClick={[Function]}
        type="button"
        variant="light"
      >
        <i
          className="far fa-edit"
        />
      </Button>
      <Button
        active={false}
        disabled={false}
        onClick={[Function]}
        type="button"
        variant="light"
      >
        <i
          className="fas fa-trash-alt"
        />
      </Button>
    </Bootstrap(Row)>
  </CardHeader>
  <CardBody
    className="d-flex flex-column"
  >
    <CardText
      style={
        Object {
          "padding": "10px",
        }
      }
    >
      Lorem
    </CardText>
  </CardBody>
</Card>
`;
