// Jest Snapshot v1, https://goo.gl/fbAQLP

exports[`LoginForm Component must be created 1`] = `
<Bootstrap(Modal)
  centered={true}
  keyboard={true}
  onEntering={[Function]}
  onExiting={[Function]}
  onHide={[Function]}
  show={true}
>
  <ModalHeader
    closeButton={true}
    closeLabel="Close"
  >
    <h4>
      LoginForm
    </h4>
  </ModalHeader>
  <ModalBody>
    <Form
      as="form"
      className="ml-auto"
      inline={false}
    >
      <FormGroup
        as="div"
        className=" mb-3"
        controlId="formGridEmail"
      >
        <FormControl
          as="input"
          defaultValue="test@test.com"
          isInvalid={false}
          isValid={false}
          placeholder="Enter email"
          size="sm"
          type="email"
        />
        <Feedback
          as="div"
          type="valid"
        />
        <Feedback
          as="div"
          type="invalid"
        />
      </FormGroup>
      <FormGroup
        as="div"
        className=" mb-3"
        controlId="formGridPassword"
      >
        <FormControl
          as="input"
          isInvalid={false}
          isValid={false}
          placeholder="Password"
          size="sm"
          type="password"
        />
        <Feedback
          as="div"
          type="valid"
        />
        <Feedback
          as="div"
          type="invalid"
        />
      </FormGroup>
      <div
        className="d-flex justify-content-end"
      >
        <Button
          active={false}
          disabled={false}
          id="buttonLoginForm"
          onClick={[Function]}
          size="sm"
          type="button"
          variant="secondary"
        >
          Login
        </Button>
        <NavLink
          className="d-block ml-3 mr-3"
          onClick={[Function]}
          to="/"
        >
          Registration
        </NavLink>
      </div>
    </Form>
  </ModalBody>
</Bootstrap(Modal)>
`;
